[
  {
    "Length": 4,
    "Command": "number",
    "Value": "1.23"
  }
]