[
  {
    "Length": 36,
    "Command": "multi_line_comment",
    "Value": " this is a multi line\r\n comment "
  }
]