[
  {
    "Length": 3,
    "Command": "keyword",
    "Value": "var"
  },
  {
    "Length": 1,
    "Command": "whitespace",
    "Value": " "
  },
  {
    "Length": 4,
    "Command": "keyword",
    "Value": "funk"
  },
  {
    "Length": 1,
    "Command": "whitespace",
    "Value": " "
  },
  {
    "Length": 3,
    "Command": "keyword",
    "Value": "end"
  }
]