[
  {
    "Length": 19,
    "Command": "string",
    "Value": "text with spacing"
  }
]