[
  {
    "Length": 2,
    "Command": "number",
    "Value": "23"
  }
]