[
  {
    "Length": 18,
    "Command": "identifier",
    "Value": "some_variable_name"
  }
]