[
  {
    "Length": 1,
    "Command": "parenthesis_closed",
    "Value": ")"
  }
]