[
  {
    "Length": 19,
    "Command": "single_line_comment",
    "Value": " this is a comment"
  }
]