[
  {
    "Length": 1,
    "Command": "parenthesis_open",
    "Value": "("
  }
]